// Jest Snapshot v1, https://goo.gl/fbAQLP

exports[`CarDetails Component Should render CarDetails component 1`] = `
<div>
  <div
    class="margin-bottom-3 container-fluid"
  >
    <div
      class="row"
    >
      <div
        class="col"
      >
        <div
          class="sc-bdfBwQ dWa-Dpq"
          height="400px"
          loading="false"
          width="100%"
        >
          <img
            alt="car"
            src="https://auto1-js-task-api--mufasa71.repl.co/images/car.svg"
          />
        </div>
      </div>
    </div>
  </div>
  <div
    class="container"
    style="width: 800px;"
  >
    <div
      class="row"
    >
      <div
        class="col-md-7"
      >
        <div
          class="sc-gsTCUz fHgoa-D d-block margin-bottom-3"
        >
          Fiat
           
          Grande Punto
        </div>
        <div
          class="sc-gsTCUz kEImGf d-block margin-bottom-3"
        >
          Stock # 
          10034
           - 
          170648
           
          KM
           
          - 
          Diesel
           - 
          black
        </div>
        <div
          class="sc-gsTCUz iUuijv d-block margin-bottom-3 text-justify"
        >
          This car is currently available and can be delivered as sson as tomorrow morning. Please be aware that delivery times shown in this page are not definitive and may change due to bad weather conditions.
        </div>
      </div>
      <div
        class="col-md-5"
      >
        <div
          class="card"
        >
          <div
            class="card-body"
          >
            <div
              class="sc-gsTCUz iUuijv d-block margin-bottom-1 text-justify"
            >
              If you like this car, click the button and save it in your collection of favorite items.
            </div>
            <button
              class="sc-dlfnbm bqlYPG float-right"
            >
              Save
            </button>
          </div>
        </div>
      </div>
    </div>
  </div>
</div>
`;
